[dotenv@17.2.4] injecting env (16) from .env -- tip: ­ƒæÑ sync secrets across teammates & machines: https://dotenvx.com/ops
--------------------------------------------------
­ƒº¬ TESTING AI CONNECTION & BROWSING TOOL
--------------------------------------------------

1. Testing OpenAI Chat (gpt-4o)...
node.exe : [LLM] 
OpenAI failed, trying 
fallbacks: 
RateLimitError: 429 
You exceeded your 
current quota, please 
check your plan and 
billing details. For 
more information on 
this error, read the 
docs: https://platform
.openai.com/docs/guide
s/error-codes/api-erro
rs.
Au caractère Ligne:1 
: 1
+ & "C:\Program Files\
nodejs/node.exe" 
"C:\Program 
Files\nodejs/node_mo 
...
+ ~~~~~~~~~~~~~~~~~~~~
~~~~~~~~~~~~~~~~~~~~~~
~~~~~~~~~~~~~~~~~~~~~~
~~~~~
    + CategoryInfo    
          : NotSpeci  
  fied: ([LLM] Open   
 AI fa...des/api-e    
rrors.:String) []    
, RemoteException
    + FullyQualifiedE 
   rrorId : NativeCo  
  mmandError
 
    at 
APIError.generate (C:\
Users\Karl\TheGame\The
Uprising-Game\node_mod
ules\openai\src\core\e
rror.ts:96:14)
    at OpenAI.makeStat
usError (C:\Users\Karl
\TheGame\TheUprising-G
ame\node_modules\opena
i\src\client.ts:478:28
)
    at 
OpenAI.makeRequest (C:
\Users\Karl\TheGame\Th
eUprising-Game\node_mo
dules\openai\src\clien
t.ts:728:24)
    at process.process
TicksAndRejections (no
de:internal/process/ta
sk_queues:103:5)
    at async 
callOpenAI (C:\Users\K
arl\TheGame\TheUprisin
g-Game\src\lib\llm.ts:
67:28)
    at async chat (C:\
Users\Karl\TheGame\The
Uprising-Game\src\lib\
llm.ts:321:22)
    at async test (C:\
Users\Karl\TheGame\The
Uprising-Game\scripts\
test-ai.ts:16:21) {
  status: 429,
  headers: Headers {
    date: 'Tue, 10 
Feb 2026 19:30:48 
GMT',
    'content-type': 
'application/json; 
charset=utf-8',
    'content-length': 
'337',
    connection: 
'keep-alive',
    vary: 'Origin',
    'x-request-id': 'r
eq_191c58fdc0d54067a77
5fcb6d0f550b1',
    'x-openai-proxy-wa
sm': 'v0.1',
    server: 
'cloudflare',
    
'cf-cache-status': 
'DYNAMIC',
    'set-cookie': '__c
f_bm=Xg.lGGYtrG2_P_xRC
F55kxK37QlaaamliX2N1ZW
2Wdk-1770751847.688986
8-1.0.1.1-web3iWFs2cjM
wTgKh4F2Vj_1KuCIcnPvyw
sy7zWbzDkCM0vu7YvOs7VL
YJ4fq9QCiRL.2YMImLyqDE
5lXyvX8hYwjUzWvlKryBbg
rMfzGcHkX84ClNiqOPiyKE
169.cB; HttpOnly; 
Secure; Path=/; Domain
=api.openai.com; 
Expires=Tue, 10 Feb 
2026 20:00:48 GMT, _cf
uvid=.E2cs9yerr4dRj_ix
7blY8AiCscWqp5hRkixnXM
OJAo-1770751847.688986
8-1.0.1.1-DFhoBn08kov9
moOknkt2ECG0TWUiDXQ_t1
vV2JcxtfQ; HttpOnly; 
SameSite=None; 
Secure; Path=/; Domain
=api.openai.com',
    'strict-transport-
security': 
'max-age=31536000; 
includeSubDomains; 
preload',
    'x-content-type-op
tions': 'nosniff',
    'cf-ray': '9cbe05e
80e71a320-YUL',
    'alt-svc': 
'h3=":443"; ma=86400'
  },
  requestID: 'req_191c
58fdc0d54067a775fcb6d0
f550b1',
  error: {
    message: 'You 
exceeded your current 
quota, please check 
your plan and billing 
details. For more 
information on this 
error, read the docs: 
https://platform.opena
i.com/docs/guides/erro
r-codes/api-errors.',
    type: 
'insufficient_quota',
    param: null,
    code: 
'insufficient_quota'
  },
  code: 
'insufficient_quota',
  param: null,
  type: 
'insufficient_quota'
}
[LLM] Perplexity 
failed, trying 
fallbacks: Error: 
Missing 
PERPLEXITY_API_KEY
    at callPerplexity 
(C:\Users\Karl\TheGame
\TheUprising-Game\src\
lib\llm.ts:190:24)
    at chat (C:\Users\
Karl\TheGame\TheUprisi
ng-Game\src\lib\llm.ts
:329:28)
    at process.process
TicksAndRejections (no
de:internal/process/ta
sk_queues:103:5)
    at async test (C:\
Users\Karl\TheGame\The
Uprising-Game\scripts\
test-ai.ts:16:21)
[LLM] Gemini failed, 
trying fallbacks: Goog
leGenerativeAIFetchErr
or: 
[GoogleGenerativeAI 
Error]: Error 
fetching from https://
generativelanguage.goo
gleapis.com/v1beta/mod
els/gemini-2.0-flash:g
enerateContent: [400 
Bad Request] API key 
not valid. Please 
pass a valid API key. 
[{"@type":"type.google
apis.com/google.rpc.Er
rorInfo","reason":"API
_KEY_INVALID","domain"
:"googleapis.com","met
adata":{"service":"gen
erativelanguage.google
apis.com"}},{"@type":"
type.googleapis.com/go
ogle.rpc.LocalizedMess
age","locale":"en-US",
"message":"API key 
not valid. Please 
pass a valid API 
key."}]
    at 
handleResponseNotOk (C
:\Users\Karl\TheGame\T
heUprising-Game\node_m
odules\@google\generat
ive-ai\dist\index.js:4
34:11)
    at process.process
TicksAndRejections (no
de:internal/process/ta
sk_queues:103:5)
    at async 
makeRequest (C:\Users\
Karl\TheGame\TheUprisi
ng-Game\node_modules\@
google\generative-ai\d
ist\index.js:403:9)
    at async 
generateContent (C:\Us
ers\Karl\TheGame\TheUp
rising-Game\node_modul
es\@google\generative-
ai\dist\index.js:867:2
2)
    at async ChatSessi
on.sendMessage (C:\Use
rs\Karl\TheGame\TheUpr
ising-Game\node_module
s\@google\generative-a
i\dist\index.js:1210:9
)
    at async 
callGemini (C:\Users\K
arl\TheGame\TheUprisin
g-Game\src\lib\llm.ts:
137:20)
    at async chat (C:\
Users\Karl\TheGame\The
Uprising-Game\src\lib\
llm.ts:337:22)
    at async test (C:\
Users\Karl\TheGame\The
Uprising-Game\scripts\
test-ai.ts:16:21) {
  status: 400,
  statusText: 'Bad 
Request',
  errorDetails: [
    {
      '@type': 'type.g
oogleapis.com/google.r
pc.ErrorInfo',
      reason: 
'API_KEY_INVALID',
      domain: 
'googleapis.com',
      metadata: 
[Object]
    },
    {
      '@type': 'type.g
oogleapis.com/google.r
pc.LocalizedMessage',
      locale: 'en-US',
      message: 'API 
key not valid. Please 
pass a valid API key.'
    }
  ]
}
[LLM] Grok failed: 
Error: Missing 
XAI_API_KEY
    at callGrok (C:\Us
ers\Karl\TheGame\TheUp
rising-Game\src\lib\ll
m.ts:150:24)
    at chat (C:\Users\
Karl\TheGame\TheUprisi
ng-Game\src\lib\llm.ts
:345:28)
    at process.process
TicksAndRejections (no
de:internal/process/ta
sk_queues:103:5)
    at async test (C:\
Users\Karl\TheGame\The
Uprising-Game\scripts\
test-ai.ts:16:21)
[LLM] Ollama also 
failed: TypeError: 
fetch failed
    at node:internal/d
eps/undici/undici:1584
5:13
    at process.process
TicksAndRejections (no
de:internal/process/ta
sk_queues:103:5)
    at async 
callOllama (C:\Users\K
arl\TheGame\TheUprisin
g-Game\src\lib\llm.ts:
242:22)
    at async chat (C:\
Users\Karl\TheGame\The
Uprising-Game\src\lib\
llm.ts:353:22)
    at async test (C:\
Users\Karl\TheGame\The
Uprising-Game\scripts\
test-ai.ts:16:21) {
  [cause]: 
AggregateError 
[ECONNREFUSED]: 
      at internalConne
ctMultiple 
(node:net:1134:18)
      at 
afterConnectMultiple 
(node:net:1715:7) {
    code: 
'ECONNREFUSED',
    [errors]: [ 
[Error], [Error] ]
  }
}
ÔØî [FAIL] Chat 
Error: Error: All LLM 
providers failed
    at chat (C:\Users\
Karl\TheGame\TheUprisi
ng-Game\src\lib\llm.ts
:357:15)
    at process.process
TicksAndRejections (no
de:internal/process/ta
sk_queues:103:5)
    at async test (C:\
Users\Karl\TheGame\The
Uprising-Game\scripts\
test-ai.ts:16:21)
